[magnetbahn.org/index.html]
[backblue.gif]
[fade.gif]
[index.html]
[magnetbahn.org/wp-content/uploads/2021/08/77C0C542-3BEA-4098-8235-3EB4B1475F34-1024x1024.jpg]
[magnetbahn.org/wp-content/uploads/2021/08/77C0C542-3BEA-4098-8235-3EB4B1475F34.jpg]
[magnetbahn.org/wp-content/plugins/ar-for-wordpress/assets/css/ar-display8a54.css]
[magnetbahn.org/wp-includes/css/dist/block-library/style.min7404.css]
[magnetbahn.org/wp-content/themes/phlox-pro/css/news7976.css]
[magnetbahn.org/wp-content/themes/phlox-pro/css/base76f3.css]
[magnetbahn.org/feed/index.html]
[magnetbahn.org/wp-content/themes/phlox-pro/css/auxin-icon76f3.css]
[magnetbahn.org/wp-content/themes/phlox-pro/css/main76f3.css]
[magnetbahn.org/wp-content/plugins/elementor/assets/lib/eicons/css/elementor-icons.min7816.css]
[magnetbahn.org/wp-content/plugins/elementor/assets/css/frontend-legacy.min3ab2.css]
[magnetbahn.org/comments/feed/index.html]
[magnetbahn.org/wp-content/plugins/elementor/assets/css/frontend.min3ab2.css]
[magnetbahn.org/wp-content/uploads/elementor/css/post-8734b88.css]
[magnetbahn.org/wp-content/themes/phlox-pro/css/other/elementor76f3.css]
[magnetbahn.org/wp-content/plugins/auxin-elements/admin/assets/css/elementor-widgets7404.css]
[magnetbahn.org/wp-includes/js/mediaelement/mediaelementplayer-legacy.min08e1.css]
[magnetbahn.org/wp-includes/js/mediaelement/wp-mediaelement.min7404.css]
[magnetbahn.org/wp-content/plugins/elementor-pro/assets/css/frontend.mind617.css]
[magnetbahn.org/wp-content/plugins/elementor/assets/lib/font-awesome/css/all.min3ab2.css]
[magnetbahn.org/wp-content/plugins/elementor/assets/lib/font-awesome/css/v4-shims.min3ab2.css]
[magnetbahn.org/wp-content/uploads/elementor/css/post-2270891f6.css]
[magnetbahn.org/wp-content/plugins/a3-lazy-load/assets/css/jquery.lazyloadxt.spinner7404.css]
[magnetbahn.org/wp-content/uploads/sgf-css/font-9b76f2b872ce01eb87906488d9f87999.css]
[magnetbahn.org/wp-content/uploads/phlox-pro/custom1e6a.css]
[magnetbahn.org/wp-content/themes/phlox-pro/css/go-pricing76f3.css]
[magnetbahn.org/wp-content/themes/phlox-pro/css/portfolio3cae.css]
[magnetbahn.org/wp-content/uploads/elementor/css/post-8764b88.css]
[magnetbahn.org/wp-content/uploads/elementor/css/post-403ad82.css]
[magnetbahn.org/wp-content/uploads/sgf-css/font-59db4a9b93ea358ef9909ccd7ed75f17.css]
[magnetbahn.org/wp-content/plugins/elementor/assets/lib/font-awesome/css/fontawesome.min52d5.css]
[magnetbahn.org/wp-content/plugins/elementor/assets/lib/font-awesome/css/brands.min52d5.css]
[magnetbahn.org/wp-includes/js/jquery/jquery.minaf6c.js]
[magnetbahn.org/wp-includes/js/jquery/jquery-migrate.mind617.js]
[magnetbahn.org/wp-content/plugins/ar-for-wordpress/assets/js/jquery-validate-min4e44.js]
[magnetbahn.org/wp-content/plugins/ar-for-wordpress/assets/js/ar-display4e44.js]
[magnetbahn.org/wp-content/plugins/auxin-pro-tools/admin/assets/js/elementor/widgetsb34d.js]
[magnetbahn.org/wp-content/plugins/ionos-assistant/js/cookiesfde1.js]
[magnetbahn.org/wp-content/plugins/elementor/assets/lib/font-awesome/js/v4-shims.min3ab2.js]
[magnetbahn.org/wp-content/themes/phlox-pro/js/solo/modernizr-custom.min76f3.js]
[magnetbahn.org/wp-json/index.html]
[magnetbahn.org/wp-json/wp/v2/pages/22708.json]
[magnetbahn.org/xmlrpc0db0.php]
[magnetbahn.org/wp-includes/wlwmanifest.xml]
[magnetbahn.org/wp-json/oembed/1.0/embedadb3.json]
[magnetbahn.org/wp-json/oembed/1.0/embed4a3a]
[magnetbahn.org/wp-content/uploads/2021/06/cropped-cropped-Bild-394-1-32x32.png]
[magnetbahn.org/wp-content/uploads/2021/06/cropped-cropped-Bild-394-1-192x192.png]
[magnetbahn.org/wp-content/uploads/2021/06/cropped-cropped-Bild-394-1-180x180.png]
[magnetbahn.org/wp-content/uploads/2021/06/cropped-cropped-cropped-Bild-394-1-80x80.png]
[magnetbahn.org/wp-content/uploads/2021/06/cropped-Bild-394-1-80x80.png]
[magnetbahn.org/wp-content/uploads/2021/06/cropped-cropped-cropped-Bild-394-1-90x90.png]
[magnetbahn.org/wp-content/uploads/2021/06/cropped-Bild-394-1-90x90.png]
[magnetbahn.org/wp-content/uploads/2021/08/77C0C542-3BEA-4098-8235-3EB4B1475F34-470x353.jpg]
[magnetbahn.org/wp-content/uploads/2021/07/IMG_4060-scaled-470x353.jpg]
[magnetbahn.org/wp-content/uploads/2021/03/PHOTO-2021-03-20-11-19-22-470x353.jpg]
[magnetbahn.org/wp-content/uploads/2021/11/Bildschirmfoto-2021-11-04-um-17.34.26-470x353.png]
[magnetbahn.org/wp-content/uploads/2021/08/77C0C542-3BEA-4098-8235-3EB4B1475F34-470x625.jpg]
[magnetbahn.org/wp-content/uploads/2021/07/IMG_4060-scaled-470x625.jpg]
[magnetbahn.org/infos/index.html]
[magnetbahn.org/wp-content/uploads/2021/03/PHOTO-2021-03-20-11-19-22-470x625.jpg]
[magnetbahn.org/posts/index.html]
[magnetbahn.org/wp-content/uploads/2021/11/Bildschirmfoto-2021-11-04-um-17.34.26-470x625.png]
[magnetbahn.org/wp-content/uploads/2021/01/IMG_4381-637x637.jpg]
[magnetbahn.org/wp-content/uploads/2021/04/IMG_8615-637x637.jpg]
[magnetbahn.org/wp-content/uploads/2021/07/Bildschirmfoto-2021-05-05-um-11.01.28-637x637.png]
[magnetbahn.org/tve/index.html]
[magnetbahn.org/wp-content/uploads/2021/07/Toulouse_France_HTT-637x637.jpg]
[magnetbahn.org/uebersicht/index.html]
[magnetbahn.org/wp-content/uploads/2021/09/IMG_8953-scaled-637x637.jpg]
[magnetbahn.org/wp-content/uploads/2021/08/77C0C542-3BEA-4098-8235-3EB4B1475F34-637x637.jpg]
[magnetbahn.org/wp-content/uploads/2021/02/IMG_4689-637x637.jpg]
[magnetbahn.org/vorteile/index.html]
[magnetbahn.org/wp-content/uploads/2021/01/7AM04236_1_ps_ps_Farbkorrektur_sRGB-scaled-637x637.jpg]
[magnetbahn.org/wp-content/uploads/2021/04/IMG_5502-637x637.jpg]
[magnetbahn.org/wp-content/plugins/elementor/assets/lib/animations/animations.min3ab2.css]
[magnetbahn.org/wp-includes/js/imagesloaded.mineda1.js]
[magnetbahn.org/wp-includes/js/masonry.min3a05.js]
[magnetbahn.org/faktencheck/index.html]
[magnetbahn.org/wp-content/themes/phlox-pro/js/plugins.min76f3.js]
[magnetbahn.org/wp-content/plugins/auxin-elements/admin/assets/js/elementor/widgets76ed.js]
[magnetbahn.org/wp-includes/js/mediaelement/mediaelement-and-player.min08e1.js]
[magnetbahn.org/wp-includes/js/mediaelement/mediaelement-migrate.min7404.js]
[magnetbahn.org/wp-includes/js/mediaelement/wp-mediaelement.min7404.js]
[magnetbahn.org/videos/index.html]
[magnetbahn.org/wp-content/plugins/auxin-elements/public/assets/js/plugins.min76ed.js]
[magnetbahn.org/wp-content/plugins/auxin-elements/public/assets/js/scripts76ed.js]
[magnetbahn.org/wp-content/plugins/auxin-portfolio/public/assets/js/portfolio3cae.js]
[magnetbahn.org/wp-content/themes/phlox-pro/js/scripts.min76f3.js]
[magnetbahn.org/wp-content/plugins/elementor/assets/lib/jquery-numerator/jquery-numerator.min3958.js]
[magnetbahn.org/galerie/index.html]
[magnetbahn.org/wp-content/plugins/auxin-pro-tools/public/assets/js/pro-toolsb34d.js]
[magnetbahn.org/wp-content/plugins/auxin-the-news/public/assets/js/news7976.js]
[magnetbahn.org/ueber-uns/index.html]
[magnetbahn.org/wp-content/plugins/a3-lazy-load/assets/js/jquery.lazyloadxt.extra.min8dff.js]
[magnetbahn.org/wp-content/plugins/a3-lazy-load/assets/js/jquery.lazyloadxt.srcset.min8dff.js]
[magnetbahn.org/news/wichtige-information-ueber-die-zukunft-von-magnetbahn-org/index.html]
[magnetbahn.org/wp-content/plugins/a3-lazy-load/assets/js/jquery.lazyloadxt.extend8dff.js]
[magnetbahn.org/news/politische-partei-schlaegt-solarpanels-auf-transrapid-teststrecke-vor/index.html]
[magnetbahn.org/news/so-ist-die-transrapid-technologie-entstanden/index.html]
[magnetbahn.org/wp-content/uploads/phlox-pro/custom7035.js]
[magnetbahn.org/news/was-wenn-europa-den-transrapid-wieder-will/index.html]
[magnetbahn.org/wp-content/plugins/elementor-pro/assets/js/webpack-pro.runtime.mind617.js]
[magnetbahn.org/wp-content/plugins/elementor/assets/js/webpack.runtime.min3ab2.js]
[magnetbahn.org/wp-content/plugins/elementor/assets/js/frontend-modules.min3ab2.js]
[magnetbahn.org/wp-content/plugins/elementor-pro/assets/js/frontend.mind617.js]
[magnetbahn.org/wp-content/plugins/elementor/assets/lib/waypoints/waypoints.min05da.js]
[magnetbahn.org/news/neue-details-zum-crrc-600-veroeffentlicht/index.html]
[magnetbahn.org/wp-includes/js/jquery/ui/core.min0028.js]
[magnetbahn.org/wp-content/plugins/elementor/assets/lib/swiper/swiper.min48f5.js]
[magnetbahn.org/wp-content/plugins/elementor/assets/lib/share-link/share-link.min3ab2.js]
[magnetbahn.org/news/maglev-guideway-boegl-besser-und-guenstiger/index.html]
[magnetbahn.org/news/weiche-fuer-den-crrc-600-vorgestellt/index.html]
[magnetbahn.org/wp-content/plugins/elementor/assets/lib/dialog/dialog.mind227.js]
[magnetbahn.org/wp-content/plugins/elementor/assets/js/frontend.min3ab2.js]
[magnetbahn.org/wp-content/plugins/elementor-pro/assets/js/preloaded-elements-handlers.mind617.js]
[magnetbahn.org/news/warum-der-hyperloop-unrealistisch-ist/index.html]
[magnetbahn.org/wp-content/plugins/elementor/assets/js/preloaded-modules.min3ab2.js]
[magnetbahn.org/wp-content/plugins/elementor-pro/assets/lib/sticky/jquery.sticky.mind617.js]
[magnetbahn.org/index.html]
[magnetbahn.org/wp-content/plugins/ar-for-wordpress/assets/css/ar-display8a54.css]
[magnetbahn.org/news/die-erste-versammlung-des-neuen-foerderverein-transrapid-emsland-e-v/index.html]
[magnetbahn.org/wp-includes/css/dist/block-library/style.min7404.css]
[magnetbahn.org/news/tsb-knackt-169-km-h/index.html]
[magnetbahn.org/news/magnetbahn-org-ist-zurueck/index.html]
[magnetbahn.org/news/transportsystem-boegl-tsb-in-nordrhein-westfalen/index.html]
[magnetbahn.org/news/muenchener-stadtrat-diskutiert-ueber-44-tsb-strecken/index.html]
[magnetbahn.org/wp-content/themes/phlox-pro/css/images/svg/spinner-dark.svg]
[magnetbahn.org/wp-content/themes/phlox-pro/css/news7976.css]
[magnetbahn.org/wp-content/themes/phlox-pro/css/base76f3.css]
[magnetbahn.org/wp-content/themes/phlox-pro/css/fonts/fontastic/auxicon/auxin-front.eot]
[magnetbahn.org/wp-content/themes/phlox-pro/css/fonts/fontastic/auxicon/auxin-frontd41d.eot]
[magnetbahn.org/datenschutzerklaerung/index.html]
[magnetbahn.org/wp-content/themes/phlox-pro/css/fonts/fontastic/auxicon/auxin-front.woff]
[magnetbahn.org/wp-content/themes/phlox-pro/css/fonts/fontastic/auxicon/auxin-front.ttf]
[magnetbahn.org/wp-content/themes/phlox-pro/css/fonts/fontastic/auxicon/auxin-front.svg]
[magnetbahn.org/wp-content/themes/phlox-pro/css/fonts/fontastic/auxicon2/auxin-front-2.eot]
[magnetbahn.org/wp-content/themes/phlox-pro/css/fonts/fontastic/auxicon2/auxin-front-2d41d.eot]
[magnetbahn.org/wp-content/themes/phlox-pro/css/fonts/fontastic/auxicon2/auxin-front-2.woff]
[magnetbahn.org/wp-content/themes/phlox-pro/css/fonts/fontastic/auxicon2/auxin-front-2.ttf]
[magnetbahn.org/wp-content/themes/phlox-pro/css/fonts/fontastic/auxicon2/auxin-front-2.svg]
[magnetbahn.org/wp-content/themes/phlox-pro/css/auxin-icon76f3.css]
[magnetbahn.org/wp-content/themes/phlox-pro/css/images/svg/symbols.svg]
[magnetbahn.org/wp-content/themes/phlox-pro/css/images/svg/downarrow.svg]
[magnetbahn.org/wp-content/themes/phlox-pro/css/images/svg/spinner-default.svg]
[magnetbahn.org/wp-content/themes/phlox-pro/css/images/svg/spinner-light.svg]
[magnetbahn.org/wp-content/themes/phlox-pro/css/images/photoswipe/default-skin.png]
[magnetbahn.org/wp-content/themes/phlox-pro/css/images/photoswipe/default-skin.svg]
[magnetbahn.org/wp-content/themes/phlox-pro/css/images/photoswipe/preloader.gif]
[magnetbahn.org/wp-content/themes/phlox-pro/css/images/controls/arrows/small-arrow-down.svg]
[magnetbahn.org/wp-content/themes/phlox-pro/css/images/svg/checkbox.svg]
[magnetbahn.org/wp-content/themes/phlox-pro/css/other/mejs/dark-video-play.svg]
[magnetbahn.org/wp-content/themes/phlox-pro/css/other/mejs/dark-player.controls.svg]
[magnetbahn.org/wp-content/themes/phlox-pro/css/other/mejs/light-video-play.svg]
[magnetbahn.org/wp-content/themes/phlox-pro/css/other/mejs/light-player.controls.svg]
[magnetbahn.org/wp-content/themes/phlox-pro/css/images/svg/play.svg]
[magnetbahn.org/wp-content/themes/phlox-pro/css/images/svg/pause.svg]
[magnetbahn.org/wp-content/themes/phlox-pro/css/images/controls/arrows/small-arrow-down-white.svg]
[magnetbahn.org/wp-content/themes/phlox-pro/css/images/svg/leftarrow.svg]
[magnetbahn.org/wp-content/themes/phlox-pro/css/images/svg/rightarrow.svg]
[magnetbahn.org/wp-content/themes/phlox-pro/css/images/svg/404.svg]
[magnetbahn.org/wp-content/themes/phlox-pro/css/images/svg/reply.svg]
[magnetbahn.org/wp-content/themes/phlox-pro/css/main76f3.css]
[magnetbahn.org/wp-content/plugins/elementor/assets/lib/eicons/fonts/eicons5519.eot]
[magnetbahn.org/wp-content/plugins/elementor/assets/lib/eicons/fonts/eicons5519.woff]
[magnetbahn.org/wp-content/plugins/elementor/assets/lib/eicons/fonts/eicons5519.ttf]
[magnetbahn.org/wp-content/plugins/elementor/assets/lib/eicons/css/elementor-icons.min7816.css]
[magnetbahn.org/wp-content/plugins/elementor/assets/css/frontend-legacy.min3ab2.css]
[magnetbahn.org/wp-content/plugins/elementor/assets/css/frontend.min3ab2.css]
[magnetbahn.org/wp-content/uploads/elementor/css/post-8734b88.css]
[magnetbahn.org/wp-content/themes/phlox-pro/css/other/elementor76f3.css]
[magnetbahn.org/wp-content/plugins/auxin-elements/admin/assets/css/elementor-widgets7404.css]
[magnetbahn.org/wp-content/plugins/elementor/assets/lib/eicons/fonts/eicons5519.svg]
[magnetbahn.org/wp-includes/js/mediaelement/mejs-controls.svg]
[magnetbahn.org/wp-includes/js/mediaelement/mediaelementplayer-legacy.min08e1.css]
[magnetbahn.org/wp-includes/js/mediaelement/wp-mediaelement.min7404.css]
[magnetbahn.org/wp-content/plugins/elementor-pro/assets/css/frontend.mind617.css]
[magnetbahn.org/wp-content/plugins/elementor/assets/lib/font-awesome/webfonts/fa-brands-400.eot]
[magnetbahn.org/wp-content/plugins/elementor/assets/lib/font-awesome/webfonts/fa-brands-400d41d.eot]
[magnetbahn.org/wp-content/plugins/elementor/assets/lib/font-awesome/webfonts/fa-brands-400.woff]
[magnetbahn.org/wp-content/plugins/elementor/assets/lib/font-awesome/webfonts/fa-brands-400.ttf]
[magnetbahn.org/wp-content/plugins/elementor/assets/lib/font-awesome/webfonts/fa-brands-400.svg]
[magnetbahn.org/wp-content/plugins/elementor/assets/lib/font-awesome/webfonts/fa-regular-400.eot]
[magnetbahn.org/wp-content/plugins/elementor/assets/lib/font-awesome/webfonts/fa-regular-400d41d.eot]
[magnetbahn.org/wp-content/plugins/elementor/assets/lib/font-awesome/webfonts/fa-regular-400.woff]
[magnetbahn.org/wp-content/plugins/elementor/assets/lib/font-awesome/webfonts/fa-regular-400.ttf]
[magnetbahn.org/wp-content/plugins/elementor/assets/lib/font-awesome/webfonts/fa-regular-400.svg]
[magnetbahn.org/wp-content/plugins/elementor/assets/lib/font-awesome/webfonts/fa-solid-900.eot]
[magnetbahn.org/wp-content/plugins/elementor/assets/lib/font-awesome/webfonts/fa-solid-900d41d.eot]
[magnetbahn.org/wp-content/plugins/elementor/assets/lib/font-awesome/webfonts/fa-solid-900.woff]
[magnetbahn.org/wp-content/plugins/elementor/assets/lib/font-awesome/webfonts/fa-solid-900.ttf]
[magnetbahn.org/wp-content/plugins/elementor/assets/lib/font-awesome/css/all.min3ab2.css]
[magnetbahn.org/wp-content/plugins/elementor/assets/lib/font-awesome/css/v4-shims.min3ab2.css]
[magnetbahn.org/wp-content/uploads/elementor/css/post-2270891f6.css]
[magnetbahn.org/wp-content/plugins/elementor/assets/lib/font-awesome/webfonts/fa-solid-900.svg]
[magnetbahn.org/wp-content/plugins/a3-lazy-load/assets/css/loading.gif]
[magnetbahn.org/wp-content/plugins/a3-lazy-load/assets/css/jquery.lazyloadxt.spinner7404.css]
[magnetbahn.org/wp-content/uploads/sgf-css/font-9b76f2b872ce01eb87906488d9f87999.css]
[magnetbahn.org/wp-content/uploads/phlox-pro/custom1e6a.css]
[magnetbahn.org/wp-content/themes/phlox-pro/css/go-pricing76f3.css]
[magnetbahn.org/wp-content/themes/phlox-pro/css/portfolio3cae.css]
[magnetbahn.org/wp-content/uploads/elementor/css/post-8764b88.css]
[magnetbahn.org/wp-content/uploads/elementor/css/post-403ad82.css]
[magnetbahn.org/wp-content/uploads/sgf-css/font-59db4a9b93ea358ef9909ccd7ed75f17.css]
[magnetbahn.org/wp-content/plugins/elementor/assets/lib/font-awesome/css/fontawesome.min52d5.css]
[magnetbahn.org/wp-content/plugins/elementor/assets/lib/font-awesome/css/brands.min52d5.css]
[magnetbahn.org/wp-content/uploads/elementor/css/post-3717b746.css]
[magnetbahn.org/wp-json/wp/v2/pages/3717.json]
[magnetbahn.org/wp-json/oembed/1.0/embed6a16.json]
[magnetbahn.org/wp-json/oembed/1.0/embedd1c7]
[magnetbahn.org/wp-content/uploads/2021/08/77C0C542-3BEA-4098-8235-3EB4B1475F34-503x503.jpg]
[magnetbahn.org/wp-content/uploads/2021/07/IMG_4060-scaled-503x503.jpg]
[magnetbahn.org/wp-content/uploads/2021/03/PHOTO-2021-03-20-11-19-22-503x503.jpg]
[magnetbahn.org/wp-content/uploads/2021/11/Bildschirmfoto-2021-11-04-um-17.34.26-503x503.png]
[magnetbahn.org/wp-content/uploads/2021/07/IMG_8279-scaled-503x503.jpg]
[magnetbahn.org/wp-content/uploads/2021/03/IMG_4556-scaled-503x503.jpg]
[magnetbahn.org/wp-content/uploads/2021/12/Bildschirmfoto-2021-12-30-um-13.11.34-503x503.png]
[magnetbahn.org/wp-content/uploads/2021/11/D0AB1863-7887-4F96-9D16-EBAED4FEA923-503x503.webp]
[magnetbahn.org/wp-content/uploads/2021/09/IMG_8953-scaled-503x503.jpg]
[magnetbahn.org/wp-content/uploads/2021/08/mit_large-503x503.png]
[magnetbahn.org/wp-content/uploads/2021/08/Pressemeldung-TSB-Cargo-Demonstrator_050821_web-1536x1024-1-503x503.jpg]
[magnetbahn.org/news/wann-der-transrapid-sinn-macht-energieverbrauch/index.html]
[magnetbahn.org/wp-content/uploads/2021/07/IMG_4398-503x503.jpg]
[magnetbahn.org/wp-content/uploads/2021/07/Toulouse_France_HTT-503x503.jpg]
[magnetbahn.org/wp-content/uploads/2021/06/728D1A1D-1AA2-44F8-AA31-961435400324-503x503.jpg]
[magnetbahn.org/wp-content/uploads/2021/05/5ce629672748db0053e6c286-503x503.jpg]
[magnetbahn.org/wp-content/uploads/2021/05/Bildschirmfoto-2021-05-13-um-22.14.09-503x503.png]
[magnetbahn.org/news/was-uns-2022-erwartet/index.html]
[magnetbahn.org/wp-content/uploads/2021/07/Bildschirmfoto-2021-05-05-um-11.01.28-503x503.png]
[magnetbahn.org/wp-content/uploads/2020/08/DE7DB69D-036A-4594-87F0-EA675EE75EA7-scaled-503x503.jpg]
[magnetbahn.org/wp-content/uploads/2021/04/IMG_5502-503x503.jpg]
[magnetbahn.org/news/eilmeldung-china-hat-das-tsb-kopiert/index.html]
[magnetbahn.org/wp-content/uploads/2021/04/IMG_8615-503x503.jpg]
[magnetbahn.org/wp-content/uploads/2021/03/IMG_7043-503x503.jpg]
[magnetbahn.org/wp-content/uploads/2021/02/IMG_5289-503x503.jpg]
[magnetbahn.org/wp-content/uploads/2021/01/7AM04236_1_ps_ps_Farbkorrektur_sRGB-scaled-503x503.jpg]
[magnetbahn.org/wp-content/uploads/2021/02/IMG_4689-503x503.jpg]
[magnetbahn.org/news/china-entwickelt-neue-magnetbahn-die-auf-l0-shinkansen-basiert/index.html]
[magnetbahn.org/wp-content/uploads/2021/02/Bildschirmfoto-2021-02-05-um-16.49.03-503x503.png]
[magnetbahn.org/wp-content/uploads/2021/01/IMG_4381-503x503.jpg]
[magnetbahn.org/wp-content/uploads/2021/08/77C0C542-3BEA-4098-8235-3EB4B1475F34-503x282.jpg]
[magnetbahn.org/wp-content/uploads/2021/07/IMG_4060-scaled-503x282.jpg]
[magnetbahn.org/news/neue-urban-magnetschwebebahn-in-russland-vorgestellt/index.html]
[magnetbahn.org/wp-content/uploads/2021/03/PHOTO-2021-03-20-11-19-22-503x282.jpg]
[magnetbahn.org/wp-content/uploads/2021/11/Bildschirmfoto-2021-11-04-um-17.34.26-503x282.png]
[magnetbahn.org/wp-content/uploads/2021/07/IMG_8279-scaled-503x282.jpg]
[magnetbahn.org/wp-content/uploads/2021/03/IMG_4556-scaled-503x282.jpg]
[magnetbahn.org/wp-content/uploads/2021/12/Bildschirmfoto-2021-12-30-um-13.11.34-503x282.png]
[magnetbahn.org/news/baubeginn-der-tsb-cargo-strecke-in-hamburg/index.html]
[magnetbahn.org/wp-content/uploads/2021/11/D0AB1863-7887-4F96-9D16-EBAED4FEA923-503x282.webp]
[magnetbahn.org/wp-content/uploads/2021/09/IMG_8953-scaled-503x282.jpg]
[magnetbahn.org/wp-content/uploads/2021/08/mit_large-503x282.png]
[magnetbahn.org/wp-content/uploads/2021/08/Pressemeldung-TSB-Cargo-Demonstrator_050821_web-1536x1024-1-503x282.jpg]
[magnetbahn.org/wp-content/uploads/2021/07/IMG_4398-503x282.jpg]
[magnetbahn.org/wp-content/uploads/2021/07/Toulouse_France_HTT-503x282.jpg]
[magnetbahn.org/wp-content/uploads/2021/06/728D1A1D-1AA2-44F8-AA31-961435400324-503x282.jpg]
[magnetbahn.org/wp-content/uploads/2021/05/5ce629672748db0053e6c286-503x282.jpg]
[magnetbahn.org/wp-content/uploads/2021/05/Bildschirmfoto-2021-05-13-um-22.14.09-503x282.png]
[magnetbahn.org/news/crrc-600-offiziell-praesentiert/index.html]
[magnetbahn.org/wp-content/uploads/2021/07/Bildschirmfoto-2021-05-05-um-11.01.28-503x282.png]
[magnetbahn.org/wp-content/uploads/2020/08/DE7DB69D-036A-4594-87F0-EA675EE75EA7-scaled-503x282.jpg]
[magnetbahn.org/wp-content/uploads/2021/04/IMG_5502-503x282.jpg]
[magnetbahn.org/wp-content/uploads/2021/04/IMG_8615-503x282.jpg]
[magnetbahn.org/wp-content/uploads/2021/03/IMG_7043-503x282.jpg]
[magnetbahn.org/wp-content/uploads/2021/02/IMG_5289-503x282.jpg]
[magnetbahn.org/wp-content/uploads/2021/01/7AM04236_1_ps_ps_Farbkorrektur_sRGB-scaled-503x282.jpg]
[magnetbahn.org/news/4-km-transrapid-teststrecke-in-china-neue-infos-zum-200-km-h-fahrzeug/index.html]
[magnetbahn.org/wp-content/uploads/2021/02/IMG_4689-503x282.jpg]
[magnetbahn.org/news/das-600-km-h-maglev-forschungszentrum-in-qingdao/index.html]
[magnetbahn.org/wp-content/uploads/2021/02/Bildschirmfoto-2021-02-05-um-16.49.03-503x282.png]
[magnetbahn.org/news/transrapid-durch-ganz-europa-der-trans-europa-express/index.html]
[magnetbahn.org/news/transrapid-lernstandort-rueckt-in-naehe/index.html]
[magnetbahn.org/news/300-km-h-transrapid-klon-in-china-vorgestellt/index.html]
[magnetbahn.org/wp-content/uploads/2021/01/IMG_4381-503x282.jpg]
[magnetbahn.org/posts/index.html]
[magnetbahn.org/wp-content/uploads/2021/10/IMG_0049-3.jpg]
[magnetbahn.org/news/hyperloop-in-lathen-immer-wahrscheinlicher/index.html]
[magnetbahn.org/news/crrc-prueft-reaktivierung-der-transrapid-versuchsanlage-emsland/index.html]
[magnetbahn.org/news/die-transrapidausstellung-in-lathen-kommt-2021/index.html]
[magnetbahn.org/wp-content/uploads/elementor/css/post-6597478a8.css]
[magnetbahn.org/wp-content/plugins/elementor/assets/lib/font-awesome/css/solid.min52d5.css]
[magnetbahn.org/wp-json/wp/v2/pages/65974.json]
[magnetbahn.org/wp-json/oembed/1.0/embed86cb.json]
[magnetbahn.org/wp-json/oembed/1.0/embed3ddf]
[magnetbahn.org/wp-content/plugins/a3-lazy-load/assets/images/lazy_placeholder.gif]
[magnetbahn.org/wp-content/uploads/2021/10/IMG_0049.jpg]
[magnetbahn.org/wp-content/uploads/2021/10/IMG_0049-2.jpg]
[magnetbahn.org/wp-content/uploads/2021/08/Bild-413.jpg]
[magnetbahn.org/wp-content/uploads/2021/08/Bild-412.jpg]
[magnetbahn.org/wp-content/uploads/2021/08/Bild-411.jpg]
[magnetbahn.org/wp-content/uploads/2021/08/Bild-410.jpg]
[magnetbahn.org/wp-content/uploads/2021/08/Bild-409.jpg]
[magnetbahn.org/wp-content/uploads/2021/08/Bild-408.jpg]
[magnetbahn.org/news/energieversorgung-des-transrapid-fahrzeugs]
[magnetbahn.org/wp-content/uploads/2021/06/MB.ORG-TR-Einfuehrung.pdf]
[magnetbahn.org/infos/index.html]
[magnetbahn.org/wp-content/uploads/2021/03/IMG_4556-scaled.jpg]
[magnetbahn.org/wp-content/uploads/elementor/css/post-4171f1ec.css]
[magnetbahn.org/freightrapid/index.html]
[magnetbahn.org/wp-json/wp/v2/pages/4171.json]
[magnetbahn.org/wp-json/oembed/1.0/embed9e5b.json]
[magnetbahn.org/wp-json/oembed/1.0/embed28f4]
[magnetbahn.org/tve/index.html]
[magnetbahn.org/wp-content/uploads/elementor/css/post-1536054d.css]
[magnetbahn.org/wp-json/wp/v2/pages/1536.json]
[magnetbahn.org/wp-json/oembed/1.0/embed1d91.json]
[magnetbahn.org/wp-json/oembed/1.0/embed0b2e]
[magnetbahn.org/uebersicht/index.html]
[magnetbahn.org/uebersicht/transrapid-09/index.html]
[magnetbahn.org/uebersicht/freightrapid/index.html]
[magnetbahn.org/smt/index.html]
[magnetbahn.org/uebersicht/transrapid-08/index.html]
[magnetbahn.org/wp-content/uploads/2020/08/E6335E60-BCB6-4148-9FDB-B0B833147788-1024x1024.jpg]
[magnetbahn.org/uebersicht/transrapid-07/index.html]
[magnetbahn.org/wp-content/uploads/2020/08/E6335E60-BCB6-4148-9FDB-B0B833147788-scaled.jpg]
[magnetbahn.org/uebersicht/transrapid-06/index.html]
[magnetbahn.org/wp-content/uploads/elementor/css/post-1289aba4.css]
[magnetbahn.org/uebersicht/transrapid-05/index.html]
[magnetbahn.org/uebersicht/hmb2/index.html]
[magnetbahn.org/wp-json/wp/v2/pages/1289.json]
[magnetbahn.org/komet/index.html]
[magnetbahn.org/uebersicht/erlangener-erprobungstraeger/index.html]
[magnetbahn.org/uebersicht/transrapid-04/index.html]
[magnetbahn.org/uebersicht/transrapid-02/index.html]
[magnetbahn.org/wp-json/oembed/1.0/embed1a43.json]
[magnetbahn.org/uebersicht/transrapid-03/index.html]
[magnetbahn.org/mbb-prinzipfahrzeug/index.html]
[magnetbahn.org/uebersicht/transrapid-01/index.html]
[magnetbahn.org/wp-json/oembed/1.0/embed7a93]
[magnetbahn.org/uebersicht/tsb02/index.html]
[magnetbahn.org/uebersicht/tsb-cargo/index.html]
[magnetbahn.org/vorteile/index.html]
[magnetbahn.org/uebersicht/tsb01/index.html]
[magnetbahn.org/wp-content/uploads/elementor/css/post-15150e017.css]
[magnetbahn.org/uebersicht/crrc-cf600/index.html]
[magnetbahn.org/uebersicht/crrc-cf200/index.html]
[magnetbahn.org/wp-json/wp/v2/pages/15150.json]
[magnetbahn.org/wp-json/oembed/1.0/embed7cb7.json]
[magnetbahn.org/wp-json/oembed/1.0/embed4816]
[magnetbahn.org/faktencheck/index.html]
[magnetbahn.org/wp-content/uploads/elementor/css/post-741216012.css]
[magnetbahn.org/wp-json/wp/v2/pages/74121.json]
[magnetbahn.org/wp-json/oembed/1.0/embede8cf.json]
[magnetbahn.org/wp-json/oembed/1.0/embedff1a]
[magnetbahn.org/galerie/transrapid-shanghai-airport-line-video/index.html]
[magnetbahn.org/transrapid-shanghai-fertigungsschritte/index.html]
[magnetbahn.org/galerie/tve-transrapid-versuchsanlage-emsland-video/index.html]
[magnetbahn.org/videos/index.html]
[magnetbahn.org/galerie/die-transrapid-story-video/index.html]
[magnetbahn.org/wp-content/uploads/2021/07/IMG_1739-1024x1024.jpg]
[magnetbahn.org/galerie/transrapid-worldwide-video/index.html]
[magnetbahn.org/wp-content/uploads/2021/07/IMG_1739-scaled.jpg]
[magnetbahn.org/wp-content/uploads/elementor/css/post-12127e9b.css]
[magnetbahn.org/galerie/hochtechnologie-fuer-den-flug-in-hoehe-null-video/index.html]
[magnetbahn.org/wp-json/wp/v2/pages/1212.json]
[magnetbahn.org/wp-json/oembed/1.0/embed9197.json]
[magnetbahn.org/wp-json/oembed/1.0/embedeac7]
[magnetbahn.org/wp-content/uploads/2021/09/IMG_8953-scaled.jpg]
[magnetbahn.org/wp-content/uploads/2021/09/IMG_8953-300x300.jpg]
[magnetbahn.org/wp-content/uploads/2021/11/IMG_9028-scaled.jpg]
[magnetbahn.org/wp-content/uploads/2021/11/IMG_9028-300x300.jpg]
[magnetbahn.org/wp-content/uploads/2021/09/IMG_8929-scaled.jpg]
[magnetbahn.org/wp-content/uploads/2021/09/IMG_8929-300x300.jpg]
[magnetbahn.org/wp-content/uploads/2021/07/IMG_0458-scaled.jpg]
[magnetbahn.org/wp-content/uploads/2021/07/IMG_0458-300x300.jpg]
[magnetbahn.org/wp-content/uploads/2021/07/IMG_0460-scaled.jpg]
[magnetbahn.org/wp-content/uploads/2021/07/IMG_0460-300x300.jpg]
[magnetbahn.org/wp-content/uploads/2021/07/IMG_0461-scaled.jpg]
[magnetbahn.org/wp-content/uploads/2021/07/IMG_0461-300x300.jpg]
[magnetbahn.org/wp-content/uploads/2021/07/IMG_0462-scaled.jpg]
[magnetbahn.org/wp-content/uploads/2021/07/IMG_0462-300x300.jpg]
[magnetbahn.org/wp-content/uploads/2021/07/IMG_0464-scaled.jpg]
[magnetbahn.org/wp-content/uploads/2021/07/IMG_0464-300x300.jpg]
[magnetbahn.org/wp-content/uploads/2021/07/IMG_0467-scaled.jpg]
[magnetbahn.org/wp-content/uploads/2021/07/IMG_0467-300x300.jpg]
[magnetbahn.org/wp-content/uploads/2021/07/IMG_0466-scaled.jpg]
[magnetbahn.org/wp-content/uploads/2021/07/IMG_0466-300x300.jpg]
[magnetbahn.org/wp-content/uploads/2021/07/IMG_0465-scaled.jpg]
[magnetbahn.org/wp-content/uploads/2021/07/IMG_0465-300x300.jpg]
[magnetbahn.org/wp-content/uploads/2021/07/IMG_0471-scaled.jpg]
[magnetbahn.org/wp-content/uploads/2021/07/IMG_0471-300x300.jpg]
[magnetbahn.org/wp-content/uploads/2021/07/IMG_0472-scaled.jpg]
[magnetbahn.org/wp-content/uploads/2021/07/IMG_0472-300x300.jpg]
[magnetbahn.org/wp-content/uploads/2021/07/IMG_1700-scaled.jpg]
[magnetbahn.org/wp-content/uploads/2021/07/IMG_1700-300x300.jpg]
[magnetbahn.org/wp-content/uploads/2021/07/IMG_1703-scaled.jpg]
[magnetbahn.org/wp-content/uploads/2021/07/IMG_1703-300x300.jpg]
[magnetbahn.org/wp-content/uploads/2021/07/IMG_1738-scaled.jpg]
[magnetbahn.org/wp-content/uploads/2021/07/IMG_1738-300x300.jpg]
[magnetbahn.org/wp-content/uploads/2021/07/IMG_1720-scaled.jpg]
[magnetbahn.org/wp-content/uploads/2021/07/IMG_1720-300x300.jpg]
[magnetbahn.org/wp-content/uploads/2021/07/IMG_1705-scaled.jpg]
[magnetbahn.org/wp-content/uploads/2021/07/IMG_1705-300x300.jpg]
[magnetbahn.org/wp-content/uploads/2021/07/IMG_4060-scaled.jpg]
[magnetbahn.org/wp-content/uploads/2021/07/IMG_4060-300x300.jpg]
[magnetbahn.org/wp-content/uploads/2021/07/IMG_8279-scaled.jpg]
[magnetbahn.org/wp-content/uploads/2021/07/IMG_8279-300x300.jpg]
[magnetbahn.org/wp-content/uploads/2021/07/IMG_8280-scaled.jpg]
[magnetbahn.org/wp-content/uploads/2021/07/IMG_8280-300x300.jpg]
[magnetbahn.org/wp-content/uploads/2021/07/IMG_8298-scaled.jpg]
[magnetbahn.org/wp-content/uploads/2021/07/IMG_8298-300x300.jpg]
[magnetbahn.org/galerie/index.html]
[magnetbahn.org/ueber-uns/index.html]
[magnetbahn.org/wp-content/uploads/elementor/css/post-106055a6b3.css]
[magnetbahn.org/wp-json/oembed/1.0/embeddea0.json]
[magnetbahn.org/wp-json/oembed/1.0/embedd4c7]
[magnetbahn.org/news/wichtige-information-ueber-die-zukunft-von-magnetbahn-org/index.html]
[magnetbahn.org/wp-content/uploads/2021/07/IMG_4060-1024x1024.jpg]
[magnetbahn.org/wp-json/oembed/1.0/embed83d0.json]
[magnetbahn.org/wp-json/oembed/1.0/embedc831]
[magnetbahn.org/news/politische-partei-schlaegt-solarpanels-auf-transrapid-teststrecke-vor/index.html]
[magnetbahn.org/wp-content/uploads/2021/03/PHOTO-2021-03-20-11-19-22.jpg]
[magnetbahn.org/wp-json/oembed/1.0/embed4dd4.json]
[magnetbahn.org/wp-json/oembed/1.0/embedfa64]
[magnetbahn.org/news/so-ist-die-transrapid-technologie-entstanden/index.html]
[magnetbahn.org/wp-content/uploads/2021/11/Bildschirmfoto-2021-11-04-um-17.34.26.png]
[magnetbahn.org/wp-json/oembed/1.0/embed93ab.json]
[magnetbahn.org/wp-json/oembed/1.0/embed0423]
[magnetbahn.org/news/was-wenn-europa-den-transrapid-wieder-will/index.html]
[magnetbahn.org/wp-content/uploads/2021/01/IMG_4381.jpg]
[magnetbahn.org/wp-content/uploads/elementor/css/post-191959df.css]
[magnetbahn.org/wp-json/oembed/1.0/embed3183.json]
[magnetbahn.org/wp-json/oembed/1.0/embed1fba]
[magnetbahn.org/wp-content/uploads/2021/01/IMG_4377.jpg]
[magnetbahn.org/news/die-geheime-transrapidstrecke-in-china-die-die-tve-ersetzt]
[magnetbahn.org/wp-content/uploads/2021/01/Bild-6-1.jpg]
[magnetbahn.org/wp-content/uploads/2021/01/IMG_4382.jpg]
[magnetbahn.org/news/neue-details-zum-crrc-600-veroeffentlicht/index.html]
[magnetbahn.org/wp-content/uploads/2021/01/IMG_4381-1024x1024.jpg]
[magnetbahn.org/wp-content/uploads/2021/04/IMG_8615.jpg]
[magnetbahn.org/wp-json/oembed/1.0/embedd9d2.json]
[magnetbahn.org/wp-json/oembed/1.0/embed994a]
[magnetbahn.org/wp-content/uploads/2021/04/IMG_8606.jpg]
[magnetbahn.org/tsb02/index.html]
[magnetbahn.org/wp-content/uploads/2021/04/Hybridtraeger-1BA-T267-Prototyp1_03.jpg]
[magnetbahn.org/wp-content/uploads/2021/04/IMG_4592-2.jpg]
[magnetbahn.org/wp-content/uploads/2021/04/IMG_0045.jpg]
[magnetbahn.org/wp-content/uploads/2021/04/IMG_8608.jpg]
[magnetbahn.org/wp-content/uploads/2021/04/IMG_8608-2.jpg]
[magnetbahn.org/wp-content/uploads/2021/04/IMG_8608-3.jpg]
[magnetbahn.org/wp-content/uploads/2021/04/IMG_8608-4.jpg]
[magnetbahn.org/wp-content/uploads/2021/04/IMG_8613.jpg]
[magnetbahn.org/wp-content/uploads/2021/04/IMG_8608-5.jpg]
[magnetbahn.org/news/maglev-guideway-boegl-besser-und-guenstiger/index.html]
[magnetbahn.org/wp-content/uploads/2021/07/Bildschirmfoto-2021-05-05-um-11.01.28-1024x920.png]
[magnetbahn.org/wp-content/uploads/2021/07/Bildschirmfoto-2021-05-05-um-11.01.28.png]
[magnetbahn.org/wp-json/oembed/1.0/embed7960.json]
[magnetbahn.org/wp-json/oembed/1.0/embed5abd]
[magnetbahn.org/wp-content/uploads/2021/07/RPReplay_Final1620205706.qt]
[magnetbahn.org/wp-content/uploads/2021/07/Weichen-MB.png]
[magnetbahn.org/news/weiche-fuer-den-crrc-600-vorgestellt/index.html]
[magnetbahn.org/wp-content/uploads/2021/07/Toulouse_France_HTT.jpg]
[magnetbahn.org/wp-json/oembed/1.0/embed3a96.json]
[magnetbahn.org/wp-json/oembed/1.0/embed2e7c]
[magnetbahn.org/news/warum-der-hyperloop-unrealistisch-ist/index.html]
[magnetbahn.org/wp-content/uploads/2021/09/IMG_8953-1024x1024.jpg]
[magnetbahn.org/wp-content/uploads/elementor/css/post-513853675.css]
[magnetbahn.org/wp-json/oembed/1.0/embed2a7d.json]
[magnetbahn.org/wp-json/oembed/1.0/embed02dc]
[magnetbahn.org/verein]
[magnetbahn.org/wp-content/uploads/2021/09/IMG_9029.jpg]
[magnetbahn.org/wp-content/uploads/2021/09/IMG_8970-scaled.jpg]
[magnetbahn.org/news/die-erste-versammlung-des-neuen-foerderverein-transrapid-emsland-e-v/index.html]
[magnetbahn.org/wp-json/oembed/1.0/embed3662.json]
[magnetbahn.org/transrapid-06/index.html]
[magnetbahn.org/transrapid-07/index.html]
[magnetbahn.org/transrapid-08/index.html]
[magnetbahn.org/wp-json/oembed/1.0/embeddf54]
[magnetbahn.org/news/magnetbahn-org-ist-zurueck/index.html]
[magnetbahn.org/wp-content/uploads/2021/02/IMG_4689.jpg]
[magnetbahn.org/wp-content/uploads/elementor/css/post-2098d814.css]
[magnetbahn.org/wp-json/oembed/1.0/embed1f33.json]
[magnetbahn.org/wp-json/oembed/1.0/embed2f95]
[magnetbahn.org/news/tsb-knackt-169-km-h/index.html]
[magnetbahn.org/wp-content/uploads/2021/01/7AM04236_1_ps_ps_Farbkorrektur_sRGB-1024x1024.jpg]
[magnetbahn.org/wp-content/uploads/2021/01/7AM04236_1_ps_ps_Farbkorrektur_sRGB-scaled.jpg]
[magnetbahn.org/wp-json/oembed/1.0/embedf9fd.json]
[magnetbahn.org/wp-json/oembed/1.0/embed65bd]
[supertipp-online.de/wp-content/uploads/2021/03/Magentschwebebahn_Heiligenhaus_MK5_2939.1eb.delayed]
[magnetbahn.org/news/transportsystem-boegl-tsb-in-nordrhein-westfalen/index.html]
[magnetbahn.org/wp-content/uploads/2021/04/IMG_5502-1024x1024.jpg]
[magnetbahn.org/transportsystem-boegl/index.html]
[magnetbahn.org/wp-content/uploads/2021/04/IMG_5502.jpg]
[magnetbahn.org/wp-json/oembed/1.0/embedf303.json]
[magnetbahn.org/wp-json/oembed/1.0/embeddc0e]
[magnetbahn.org/news/muenchener-stadtrat-diskutiert-ueber-44-tsb-strecken/index.html]
[magnetbahn.org/web-impressum/index.html]
[magnetbahn.org/wp-json/wp/v2/pages/1061.json]
[magnetbahn.org/anbieterkennzeichnung/index.html]
[magnetbahn.org/wp-json/oembed/1.0/embedfc2b.json]
[magnetbahn.org/wp-json/oembed/1.0/embed52b8]
[magnetbahn.org/datenschutzerklaerung/index.html]
[magnetbahn.org/wp-content/plugins/elementor/assets/lib/animations/animations.min3ab2.css]
[magnetbahn.org/wp-content/themes/phlox-pro/css/images/svg/spinner-dark.svg]
[magnetbahn.org/wp-content/themes/phlox-pro/css/fonts/fontastic/auxicon/auxin-front.svg]
[magnetbahn.org/wp-content/themes/phlox-pro/css/fonts/fontastic/auxicon2/auxin-front-2.svg]
[magnetbahn.org/wp-content/themes/phlox-pro/css/images/svg/symbols.svg]
[magnetbahn.org/wp-content/themes/phlox-pro/css/images/svg/downarrow.svg]
[magnetbahn.org/wp-content/themes/phlox-pro/css/images/svg/spinner-default.svg]
[magnetbahn.org/wp-content/themes/phlox-pro/css/images/svg/spinner-light.svg]
[magnetbahn.org/wp-content/themes/phlox-pro/css/images/photoswipe/default-skin.svg]
[magnetbahn.org/wp-content/themes/phlox-pro/css/images/controls/arrows/small-arrow-down.svg]
[magnetbahn.org/wp-content/themes/phlox-pro/css/images/svg/checkbox.svg]
[magnetbahn.org/wp-content/themes/phlox-pro/css/other/mejs/dark-video-play.svg]
[magnetbahn.org/wp-content/themes/phlox-pro/css/other/mejs/dark-player.controls.svg]
[magnetbahn.org/wp-content/themes/phlox-pro/css/other/mejs/light-video-play.svg]
[magnetbahn.org/wp-content/themes/phlox-pro/css/other/mejs/light-player.controls.svg]
[magnetbahn.org/wp-content/themes/phlox-pro/css/images/svg/play.svg]
[magnetbahn.org/wp-content/themes/phlox-pro/css/images/svg/pause.svg]
[magnetbahn.org/wp-content/themes/phlox-pro/css/images/controls/arrows/small-arrow-down-white.svg]
[magnetbahn.org/wp-content/themes/phlox-pro/css/images/svg/leftarrow.svg]
[magnetbahn.org/wp-content/themes/phlox-pro/css/images/svg/rightarrow.svg]
[magnetbahn.org/wp-content/themes/phlox-pro/css/images/svg/404.svg]
[magnetbahn.org/wp-content/themes/phlox-pro/css/images/svg/reply.svg]
[magnetbahn.org/wp-content/plugins/elementor/assets/lib/eicons/fonts/eicons5519.html]
[magnetbahn.org/wp-content/plugins/elementor/assets/lib/eicons/fonts/eicons5519.svg]
[magnetbahn.org/wp-includes/js/mediaelement/mejs-controls.svg]
[magnetbahn.org/wp-content/plugins/elementor/assets/lib/font-awesome/webfonts/fa-brands-400.html]
[magnetbahn.org/wp-content/plugins/elementor/assets/lib/font-awesome/webfonts/fa-brands-400.svg]
[magnetbahn.org/wp-content/plugins/elementor/assets/lib/font-awesome/webfonts/fa-regular-400.html]
[magnetbahn.org/wp-content/plugins/elementor/assets/lib/font-awesome/webfonts/fa-regular-400.svg]
[magnetbahn.org/wp-content/plugins/elementor/assets/lib/font-awesome/webfonts/fa-solid-900.html]
[magnetbahn.org/wp-content/plugins/elementor/assets/lib/font-awesome/webfonts/fa-solid-900.svg]
[magnetbahn.org/wp-content/uploads/sgf-css/pxiGyp8kv8JHgFVrLPTucHtAOvWDSA.html]
[magnetbahn.org/wp-content/uploads/sgf-css/pxiAyp8kv8JHgFVrJJLmE0tCMPKhSkFE.html]
[magnetbahn.org/wp-content/uploads/sgf-css/pxiByp8kv8JHgFVrLFj_Z1xlFd2JQEk.html]
[magnetbahn.org/wp-content/uploads/sgf-css/pxiDyp8kv8JHgFVrJJLmv1pVF9eOYktMqg.html]
[magnetbahn.org/wp-content/uploads/sgf-css/pxiByp8kv8JHgFVrLDz8Z1xlFd2JQEk.html]
[magnetbahn.org/wp-content/uploads/sgf-css/pxiDyp8kv8JHgFVrJJLm21lVF9eOYktMqg.html]
[magnetbahn.org/wp-content/uploads/sgf-css/pxiEyp8kv8JHgFVrJJfecnFHGPc.html]
[magnetbahn.org/wp-content/uploads/sgf-css/pxiGyp8kv8JHgFVrJJLucHtAOvWDSA.html]
[magnetbahn.org/wp-content/uploads/sgf-css/pxiByp8kv8JHgFVrLGT9Z1xlFd2JQEk.html]
[magnetbahn.org/wp-content/uploads/sgf-css/pxiDyp8kv8JHgFVrJJLmg1hVF9eOYktMqg.html]
[magnetbahn.org/wp-content/uploads/sgf-css/pxiByp8kv8JHgFVrLEj6Z1xlFd2JQEk.html]
[magnetbahn.org/wp-content/uploads/sgf-css/pxiDyp8kv8JHgFVrJJLmr19VF9eOYktMqg.html]
[magnetbahn.org/wp-content/uploads/sgf-css/pxiByp8kv8JHgFVrLCz7Z1xlFd2JQEk.html]
[magnetbahn.org/wp-content/uploads/sgf-css/pxiDyp8kv8JHgFVrJJLmy15VF9eOYktMqg.html]
[magnetbahn.org/wp-content/uploads/sgf-css/pxiByp8kv8JHgFVrLDD4Z1xlFd2JQEk.html]
[magnetbahn.org/wp-content/uploads/sgf-css/pxiDyp8kv8JHgFVrJJLm111VF9eOYktMqg.html]
[magnetbahn.org/wp-content/uploads/sgf-css/pxiByp8kv8JHgFVrLBT5Z1xlFd2JQEk.html]
[magnetbahn.org/wp-content/uploads/sgf-css/pxiDyp8kv8JHgFVrJJLm81xVF9eOYktMqg.html]
[magnetbahn.org/wp-content/uploads/sgf-css/JTUQjIg1_i6t8kCHKm45_QpRyS7m0dR9pA.html]
[magnetbahn.org/wp-content/uploads/sgf-css/JTUOjIg1_i6t8kCHKm459WxZqh7k29NfpiOj.html]
[magnetbahn.org/wp-content/uploads/sgf-css/JTURjIg1_i6t8kCHKm45_aZA3gnD_vx3rCs.html]
[magnetbahn.org/wp-content/uploads/sgf-css/JTUPjIg1_i6t8kCHKm459WxZBg_z_PZwjimrqw.html]
[magnetbahn.org/wp-content/uploads/sgf-css/JTURjIg1_i6t8kCHKm45_cJD3gnD_vx3rCs.html]
[magnetbahn.org/wp-content/uploads/sgf-css/JTUPjIg1_i6t8kCHKm459WxZYgzz_PZwjimrqw.html]
[magnetbahn.org/wp-content/uploads/sgf-css/JTUSjIg1_i6t8kCHKm459WlhyyTh89Y.html]
[magnetbahn.org/wp-content/uploads/sgf-css/JTUQjIg1_i6t8kCHKm459WxRyS7m0dR9pA.html]
[magnetbahn.org/wp-content/uploads/sgf-css/JTURjIg1_i6t8kCHKm45_ZpC3gnD_vx3rCs.html]
[magnetbahn.org/wp-content/uploads/sgf-css/JTUPjIg1_i6t8kCHKm459WxZOg3z_PZwjimrqw.html]
[magnetbahn.org/wp-content/uploads/sgf-css/JTURjIg1_i6t8kCHKm45_bZF3gnD_vx3rCs.html]
[magnetbahn.org/wp-content/uploads/sgf-css/JTUPjIg1_i6t8kCHKm459WxZFgrz_PZwjimrqw.html]
[magnetbahn.org/wp-content/uploads/sgf-css/JTURjIg1_i6t8kCHKm45_dJE3gnD_vx3rCs.html]
[magnetbahn.org/wp-content/uploads/sgf-css/JTUPjIg1_i6t8kCHKm459WxZcgvz_PZwjimrqw.html]
[magnetbahn.org/wp-content/uploads/sgf-css/JTURjIg1_i6t8kCHKm45_c5H3gnD_vx3rCs.html]
[magnetbahn.org/wp-content/uploads/sgf-css/JTUPjIg1_i6t8kCHKm459WxZbgjz_PZwjimrqw.html]
[magnetbahn.org/wp-content/uploads/sgf-css/JTURjIg1_i6t8kCHKm45_epG3gnD_vx3rCs.html]
[magnetbahn.org/wp-content/uploads/sgf-css/JTUPjIg1_i6t8kCHKm459WxZSgnz_PZwjimrqw.html]
[magnetbahn.org/wp-content/uploads/sgf-css/KFOkCnqEu92Fr1MmgVxIIzIXKMny.html]
[magnetbahn.org/wp-content/uploads/sgf-css/KFOiCnqEu92Fr1Mu51QrEzAdL-vwnYg.html]
[magnetbahn.org/wp-content/uploads/sgf-css/KFOlCnqEu92Fr1MmSU5fBBc4AMP6lQ.html]
[magnetbahn.org/wp-content/uploads/sgf-css/KFOjCnqEu92Fr1Mu51TjASc6CsTYl4BO.html]
[magnetbahn.org/wp-content/uploads/sgf-css/KFOmCnqEu92Fr1Mu4mxKKTU1Kg.html]
[magnetbahn.org/wp-content/uploads/sgf-css/KFOkCnqEu92Fr1Mu51xIIzIXKMny.html]
[magnetbahn.org/wp-content/uploads/sgf-css/KFOlCnqEu92Fr1MmEU9fBBc4AMP6lQ.html]
[magnetbahn.org/wp-content/uploads/sgf-css/KFOjCnqEu92Fr1Mu51S7ACc6CsTYl4BO.html]
[magnetbahn.org/wp-content/uploads/sgf-css/KFOlCnqEu92Fr1MmWUlfBBc4AMP6lQ.html]
[magnetbahn.org/wp-content/uploads/sgf-css/KFOjCnqEu92Fr1Mu51TzBic6CsTYl4BO.html]
[magnetbahn.org/wp-content/uploads/sgf-css/KFOlCnqEu92Fr1MmYUtfBBc4AMP6lQ.html]
[magnetbahn.org/wp-content/uploads/sgf-css/KFOjCnqEu92Fr1Mu51TLBCc6CsTYl4BO.html]
[magnetbahn.org/wp-content/uploads/sgf-css/BngOUXZYTXPIvIBgJJSb6u-u1qeh5DKAc_g.html]
[magnetbahn.org/wp-content/uploads/sgf-css/BngRUXZYTXPIvIBgJJSb6u9mxLCGwR2oefDo.html]
[magnetbahn.org/wp-content/uploads/sgf-css/BngMUXZYTXPIvIBgJJSb6ufN5qWr4xCC.html]
[magnetbahn.org/wp-content/uploads/sgf-css/BngRUXZYTXPIvIBgJJSb6u92w7CGwR2oefDo.html]
[magnetbahn.org/wp-content/uploads/elementor/css/post-3717b746.css]
[magnetbahn.org/index9555.html]
[magnetbahn.org/wp-content/uploads/2021/07/IMG_8279-1024x1024.jpg]
[magnetbahn.org/wp-json/oembed/1.0/embed1f5d.json]
[magnetbahn.org/wp-json/oembed/1.0/embed92af]
[magnetbahn.org/news/wann-der-transrapid-sinn-macht-energieverbrauch/index.html]
[magnetbahn.org/wp-content/uploads/2022/01/Bildschirmfoto-2022-01-07-um-13.12.23.png]
[magnetbahn.org/wp-content/uploads/2021/03/IMG_4556-1024x1024.jpg]
[magnetbahn.org/wp-json/oembed/1.0/embedc069.json]
[magnetbahn.org/wp-json/oembed/1.0/embedada4]
[magnetbahn.org/news/was-uns-2022-erwartet/index.html]
[magnetbahn.org/wp-content/uploads/2021/12/640-5.webp]
[magnetbahn.org/wp-content/uploads/2021/12/Bildschirmfoto-2021-12-30-um-13.11.34.png]
[magnetbahn.org/wp-json/oembed/1.0/embed173f.json]
[magnetbahn.org/wp-json/oembed/1.0/embed5d3e]
[magnetbahn.org/wp-content/uploads/2021/12/Bildschirmfoto-2021-12-30-um-13.11.43.png]
[magnetbahn.org/wp-content/uploads/2021/12/Bildschirmfoto-2021-12-30-um-13.11.53.png]
[magnetbahn.org/wp-content/uploads/2021/12/Bildschirmfoto-2021-12-30-um-13.32.11.png]
[magnetbahn.org/news/eilmeldung-china-hat-das-tsb-kopiert/index.html]
[magnetbahn.org/wp-content/uploads/2021/11/D0AB1863-7887-4F96-9D16-EBAED4FEA923.webp]
[magnetbahn.org/wp-json/oembed/1.0/embeda4a7.json]
[magnetbahn.org/wp-json/oembed/1.0/embed8d58]
[magnetbahn.org/news/china-entwickelt-neue-magnetbahn-die-auf-l0-shinkansen-basiert/index.html]
[magnetbahn.org/wp-content/uploads/2021/11/D978F1AF-9FD1-4907-B85C-7F1ECEBFA3D3.webp]
[magnetbahn.org/wp-content/uploads/2021/08/mit_large.png]
[magnetbahn.org/wp-json/oembed/1.0/embed8245.json]
[magnetbahn.org/wp-json/oembed/1.0/embed6627]
[magnetbahn.org/wp-content/uploads/2021/08/BX-fFMavNsRb6nN7.mp4]
[magnetbahn.org/wp-content/uploads/2021/08/6312489_large.jpg]
[magnetbahn.org/news/neue-urban-magnetschwebebahn-in-russland-vorgestellt/index.html]
[magnetbahn.org/wp-content/uploads/2021/08/Pressemeldung-TSB-Cargo-Demonstrator_050821_web-1536x1024-1.jpg]
[magnetbahn.org/wp-content/uploads/elementor/css/post-343393675.css]
[magnetbahn.org/wp-json/oembed/1.0/embed5241.json]
[magnetbahn.org/wp-json/oembed/1.0/embed9a41]
[magnetbahn.org/news/baubeginn-der-tsb-cargo-strecke-in-hamburg/index.html]
[magnetbahn.org/wp-content/uploads/2021/07/IMG_4398.jpg]
[magnetbahn.org/wp-json/oembed/1.0/embede400.json]
[magnetbahn.org/wp-json/oembed/1.0/embed36d2]
[magnetbahn.org/wp-content/uploads/2021/07/640.gif]
[magnetbahn.org/wp-content/uploads/2021/07/IMG_4400.jpg]
[magnetbahn.org/wp-content/uploads/2021/07/IMG_4399-1024x731.jpg]
[magnetbahn.org/wp-content/uploads/2021/07/IMG_4386.jpg]
[magnetbahn.org/wp-content/uploads/2021/07/IMG_4394.jpg]
[magnetbahn.org/wp-content/uploads/2021/07/IMG_4388.jpg]
[magnetbahn.org/wp-content/uploads/2021/07/IMG_4387.jpg]
[magnetbahn.org/wp-content/uploads/2021/07/IMG_4392.jpg]
[magnetbahn.org/wp-content/uploads/2021/07/IMG_4361.jpg]
[magnetbahn.org/wp-content/uploads/2021/07/IMG_4395.jpg]
[magnetbahn.org/wp-content/uploads/2021/07/IMG_4397.jpg]
[magnetbahn.org/news/crrc-600-offiziell-praesentiert/index.html]
[magnetbahn.org/wp-content/uploads/2021/07/Ohne-Titel.mp4]
[magnetbahn.org/wp-content/uploads/2021/06/728D1A1D-1AA2-44F8-AA31-961435400324.jpg]
[magnetbahn.org/wp-json/oembed/1.0/embed5552.json]
[magnetbahn.org/wp-json/oembed/1.0/embedcf4b]
[magnetbahn.org/news/4-km-transrapid-teststrecke-in-china-neue-infos-zum-200-km-h-fahrzeug/index.html]
[magnetbahn.org/wp-content/uploads/2021/06/IMG_3361.jpg]
[magnetbahn.org/wp-content/uploads/2021/05/5ce629672748db0053e6c286.jpg]
[magnetbahn.org/wp-json/oembed/1.0/embed700b.json]
[magnetbahn.org/wp-json/oembed/1.0/embedcf89]
[magnetbahn.org/wp-content/uploads/2021/05/5ce629672748db0053e6c285-2.jpg]
[magnetbahn.org/wp-content/uploads/2021/05/IMG_1706.jpg]
[magnetbahn.org/news/das-600-km-h-maglev-forschungszentrum-in-qingdao/index.html]
[magnetbahn.org/wp-content/uploads/2021/05/Bildschirmfoto-2021-05-13-um-22.14.09.png]
[magnetbahn.org/wp-content/uploads/elementor/css/post-89954a92.css]
[magnetbahn.org/wp-json/oembed/1.0/embedbd82.json]
[magnetbahn.org/wp-json/oembed/1.0/embed457a]
[magnetbahn.org/news/transrapid-durch-ganz-europa-der-trans-europa-express/index.html]
[magnetbahn.org/wp-content/uploads/2020/08/DE7DB69D-036A-4594-87F0-EA675EE75EA7-1024x1024.jpg]
[magnetbahn.org/wp-content/uploads/2020/08/DE7DB69D-036A-4594-87F0-EA675EE75EA7-scaled.jpg]
[magnetbahn.org/wp-content/uploads/elementor/css/post-4303f188.css]
[magnetbahn.org/wp-json/oembed/1.0/embed26f2.json]
[magnetbahn.org/wp-json/oembed/1.0/embed90dc]
[magnetbahn.org/news/transrapid-lernstandort-rueckt-in-naehe/index.html]
[magnetbahn.org/wp-content/uploads/2021/03/IMG_7043.jpg]
[magnetbahn.org/wp-json/oembed/1.0/embed5a23.json]
[magnetbahn.org/wp-json/oembed/1.0/embed6587]
[magnetbahn.org/faq]
[magnetbahn.org/news/300-km-h-transrapid-klon-in-china-vorgestellt/index.html]
[magnetbahn.org/wp-content/uploads/2021/02/IMG_5289.jpg]
[magnetbahn.org/wp-json/oembed/1.0/embed1651.json]
[magnetbahn.org/wp-json/oembed/1.0/embed4335]
[magnetbahn.org/wp-content/uploads/2021/01/637006093472382988.JPG.png]
[magnetbahn.org/wp-content/uploads/2021/03/IMG_4675-300x300.png]
[magnetbahn.org/news/crrc-prueft-reaktivierung-der-transrapid-versuchsanlage-emsland/index.html]
[magnetbahn.org/wp-json/oembed/1.0/embedb8e4.json]
[magnetbahn.org/wp-json/oembed/1.0/embedd82a]
[magnetbahn.org/wp-content/uploads/2021/03/IMG_4674-300x300.png]
[magnetbahn.org/news/hyperloop-in-lathen-immer-wahrscheinlicher/index.html]
[magnetbahn.org/wp-content/uploads/2021/02/Bildschirmfoto-2021-02-05-um-16.49.03-1024x1024.png]
[magnetbahn.org/wp-content/uploads/2021/02/Bildschirmfoto-2021-02-05-um-16.49.03.png]
[magnetbahn.org/wp-content/uploads/elementor/css/post-20172f9c.css]
[magnetbahn.org/crrc-china/index.html]
[magnetbahn.org/wp-json/oembed/1.0/embed98f0.json]
[magnetbahn.org/wp-json/oembed/1.0/embedcee0]
[magnetbahn.org/news/die-transrapidausstellung-in-lathen-kommt-2021/index.html]
[magnetbahn.org/wp-content/uploads/elementor/css/post-6597478a8.css]
[magnetbahn.org/wp-content/plugins/elementor/assets/lib/font-awesome/css/solid.min52d5.css]
[magnetbahn.org/indexa6c5.html]
[magnetbahn.org/fahrzeuguebersicht/index.html]
[magnetbahn.org/crrc-cf600/index.html]
[magnetbahn.org/crrc-cf200/index.html]
[magnetbahn.org/news/energieversorgung-des-transrapid-fahrzeugs.html]
[magnetbahn.org/wp-content/uploads/2022/01/Bildschirmfoto-2022-01-05-um-14.14.55.png]
[magnetbahn.org/wp-json/wp/v2/pages/85860.json]
[magnetbahn.org/wp-json/oembed/1.0/embedb846.json]
[magnetbahn.org/wp-json/oembed/1.0/embed41c4]
[magnetbahn.org/wp-content/uploads/2022/01/Bildschirmfoto-2022-01-05-um-14.15.31.png]
[magnetbahn.org/freightrapid/index.html]
[magnetbahn.org/wp-content/uploads/elementor/css/post-4171f1ec.css]
[magnetbahn.org/index41c7.html]
[magnetbahn.org/wp-content/uploads/elementor/css/post-1536054d.css]
[magnetbahn.org/index22ee.html]
[magnetbahn.org/wp-content/uploads/elementor/css/post-1565e6b4.css]
[magnetbahn.org/wp-json/wp/v2/pages/1565.json]
[magnetbahn.org/wp-json/oembed/1.0/embed7295.json]
[magnetbahn.org/wp-json/oembed/1.0/embedb249]
[magnetbahn.org/wp-content/uploads/2021/02/IMG_4605-scaled.jpg]
[magnetbahn.org/wp-content/uploads/2021/03/TR09-LetzteFahrt.mp4]
[magnetbahn.org/uebersicht/transrapid-09/index.html]
[magnetbahn.org/uebersicht/freightrapid/index.html]
[magnetbahn.org/wp-content/uploads/2021/02/IMG_4606-scaled.jpg]
[magnetbahn.org/wp-json/wp/v2/pages/2290.json]
[magnetbahn.org/wp-json/oembed/1.0/embed8635.json]
[magnetbahn.org/wp-json/oembed/1.0/embed26ee]
[magnetbahn.org/smt/index.html]
[magnetbahn.org/wp-content/uploads/2021/02/IMG_4599-1024x609.jpg]
[magnetbahn.org/wp-content/uploads/2021/02/IMG_4599-scaled.jpg]
[magnetbahn.org/wp-content/uploads/elementor/css/post-1549ed88.css]
[magnetbahn.org/wp-json/wp/v2/pages/1549.json]
[magnetbahn.org/wp-json/oembed/1.0/embed7725.json]
[magnetbahn.org/wp-json/oembed/1.0/embed4c9f]
[magnetbahn.org/wp-content/uploads/2021/05/Bildschirmfoto-2021-05-24-um-19.50.54.png]
[magnetbahn.org/wp-content/uploads/2020/08/F5AC2ABA-061A-4E1D-82AA-643A5D7BFDC5-1024x1024.jpg]
[magnetbahn.org/uebersicht/transrapid-08/index.html]
[magnetbahn.org/wp-content/uploads/2021/09/IMG_8929-1024x1024.jpg]
[magnetbahn.org/wp-content/uploads/elementor/css/post-1563e0a7.css]
[magnetbahn.org/wp-json/wp/v2/pages/1563.json]
[magnetbahn.org/wp-json/oembed/1.0/embedefa0.json]
[magnetbahn.org/wp-json/oembed/1.0/embed5f27]
[magnetbahn.org/wp-content/uploads/2021/05/Bildschirmfoto-2021-05-24-um-19.50.44.png]
[magnetbahn.org/wp-content/uploads/2021/02/IMG_5294.jpg]
[magnetbahn.org/wp-content/uploads/2021/02/IMG_4527-scaled.jpg]
[magnetbahn.org/wp-content/uploads/2021/02/Bildschirmfoto-2021-02-17-um-14.11.42.png]
[magnetbahn.org/uebersicht/transrapid-07/index.html]
[magnetbahn.org/wp-content/uploads/2021/02/IMG_4610-1024x609.jpg]
[magnetbahn.org/wp-content/uploads/2021/02/IMG_4610-scaled.jpg]
[magnetbahn.org/wp-content/uploads/elementor/css/post-1561ddd6.css]
[magnetbahn.org/wp-json/wp/v2/pages/1561.json]
[magnetbahn.org/wp-json/oembed/1.0/embed856f.json]
[magnetbahn.org/wp-json/oembed/1.0/embed23e3]
[magnetbahn.org/wp-content/uploads/2021/02/46CFED4A-77AF-4424-A1E1-63F4A3A3EEE7-scaled.jpeg]
[magnetbahn.org/wp-content/uploads/2021/01/Transrapid06-04_02.jpg]
[magnetbahn.org/uebersicht/transrapid-06/index.html]
[magnetbahn.org/wp-content/uploads/2021/03/IMG_7502-1024x284.jpg]
[magnetbahn.org/wp-content/uploads/2021/03/IMG_7502.jpg]
[magnetbahn.org/wp-content/uploads/elementor/css/post-315072bb.css]
[magnetbahn.org/wp-json/wp/v2/pages/3150.json]
[magnetbahn.org/wp-json/oembed/1.0/embede999.json]
[magnetbahn.org/wp-json/oembed/1.0/embedaa9e]
[magnetbahn.org/uebersicht/transrapid-05/index.html]
[magnetbahn.org/wp-content/uploads/2021/05/Bildschirmfoto-2021-05-24-um-19.59.21.png]
[magnetbahn.org/wp-content/uploads/2021/03/IMG_7501.jpg]
[magnetbahn.org/wp-json/wp/v2/pages/3128.json]
[magnetbahn.org/wp-json/oembed/1.0/embed3ff9.json]
[magnetbahn.org/wp-json/oembed/1.0/embed3b43]
[magnetbahn.org/uebersicht/hmb2/index.html]
[magnetbahn.org/wp-content/uploads/2021/05/IMG_0209.jpg]
[magnetbahn.org/wp-json/wp/v2/pages/12341.json]
[magnetbahn.org/wp-json/oembed/1.0/embedcc74.json]
[magnetbahn.org/wp-json/oembed/1.0/embedc00e]
[magnetbahn.org/komet/index.html]
[magnetbahn.org/wp-content/uploads/2021/05/IMG_0211.jpg]
[magnetbahn.org/wp-json/wp/v2/pages/12300.json]
[magnetbahn.org/wp-json/oembed/1.0/embed069f.json]
[magnetbahn.org/wp-json/oembed/1.0/embedba29]
[magnetbahn.org/uebersicht/transrapid-04/index.html]
[magnetbahn.org/wp-content/uploads/2021/05/IMG_0212.jpg]
[magnetbahn.org/wp-json/wp/v2/pages/12353.json]
[magnetbahn.org/wp-json/oembed/1.0/embed68ac.json]
[magnetbahn.org/wp-json/oembed/1.0/embed1587]
[magnetbahn.org/uebersicht/erlangener-erprobungstraeger/index.html]
[magnetbahn.org/wp-content/uploads/2021/05/IMG_0213.jpg]
[magnetbahn.org/wp-json/wp/v2/pages/12310.json]
[magnetbahn.org/wp-json/oembed/1.0/embed2754.json]
[magnetbahn.org/wp-json/oembed/1.0/embedcfa1]
[magnetbahn.org/uebersicht/transrapid-03/index.html]
[magnetbahn.org/wp-content/uploads/2021/05/IMG_0214.jpg]
[magnetbahn.org/wp-json/wp/v2/pages/12323.json]
[magnetbahn.org/wp-json/oembed/1.0/embed8980.json]
[magnetbahn.org/wp-json/oembed/1.0/embed148b]
[magnetbahn.org/uebersicht/transrapid-02/index.html]
[magnetbahn.org/wp-content/uploads/2021/05/IMG_0215.jpg]
[magnetbahn.org/wp-json/wp/v2/pages/5507.json]
[magnetbahn.org/wp-json/oembed/1.0/embed9dec.json]
[magnetbahn.org/wp-json/oembed/1.0/embeddb13]
[magnetbahn.org/mbb-prinzipfahrzeug/index.html]
[magnetbahn.org/wp-json/wp/v2/pages/12329.json]
[magnetbahn.org/wp-json/oembed/1.0/embed8743.json]
[magnetbahn.org/wp-json/oembed/1.0/embed6937]
[magnetbahn.org/uebersicht/transrapid-01/index.html]
[magnetbahn.org/wp-content/uploads/2021/11/news_2021_tsb_cargo_hamburg_04_max_boegl.jpg]
[magnetbahn.org/wp-json/wp/v2/pages/69310.json]
[magnetbahn.org/wp-json/oembed/1.0/embedcc7c.json]
[magnetbahn.org/wp-json/oembed/1.0/embedea07]
[magnetbahn.org/uebersicht/tsb-cargo/index.html]
[magnetbahn.org/wp-content/uploads/2021/11/IMG_9028-1024x1024.jpg]
[magnetbahn.org/wp-json/wp/v2/pages/1573.json]
[magnetbahn.org/wp-json/oembed/1.0/embed40b9.json]
[magnetbahn.org/wp-json/oembed/1.0/embedd858]
[magnetbahn.org/wp-content/uploads/2021/07/TSB_Fahrweg_aufgestaendert_Stahl-scaled.jpg]
[magnetbahn.org/uebersicht/tsb02/index.html]
[magnetbahn.org/wp-content/uploads/2021/11/4950e1f59bb84ab9b2a63947ae2b775f_XL.jpg]
[magnetbahn.org/wp-json/wp/v2/pages/1571.json]
[magnetbahn.org/wp-json/oembed/1.0/embed41fb.json]
[magnetbahn.org/wp-json/oembed/1.0/embed9f24]
[magnetbahn.org/uebersicht/tsb01/index.html]
[magnetbahn.org/wp-content/uploads/2021/02/IMG_4600-2-scaled.jpg]
[magnetbahn.org/wp-content/uploads/elementor/css/post-1577f3f0.css]
[magnetbahn.org/wp-json/wp/v2/pages/1577.json]
[magnetbahn.org/wp-json/oembed/1.0/embed3ae2.json]
[magnetbahn.org/wp-json/oembed/1.0/embed6c3a]
[magnetbahn.org/uebersicht/crrc-cf600/index.html]
[magnetbahn.org/wp-json/wp/v2/pages/3085.json]
[magnetbahn.org/wp-json/oembed/1.0/embed4113.json]
[magnetbahn.org/wp-json/oembed/1.0/embed75e6]
[magnetbahn.org/uebersicht/crrc-cf200/index.html]
[magnetbahn.org/wp-content/uploads/elementor/css/post-1289aba4.css]
[magnetbahn.org/indexd246.html]
[magnetbahn.org/wp-content/uploads/elementor/css/post-15150e017.css]
[magnetbahn.org/indexbbfb.html]
[magnetbahn.org/wp-content/uploads/elementor/css/post-741216012.css]
[magnetbahn.org/index5d13.html]
[magnetbahn.org/mediathek/der-tr09-entsteht-video/index.html]
[magnetbahn.org/wp-content/uploads/elementor/css/post-4215101b7.css]
[magnetbahn.org/galerie/der-tr09-entsteht-video/index.html]
[magnetbahn.org/wp-json/wp/v2/pages/42151.json]
[magnetbahn.org/wp-json/oembed/1.0/embed0d87.json]
[magnetbahn.org/wp-json/oembed/1.0/embed22ec]
[magnetbahn.org/galerie/transrapid-shanghai-airport-line-video/index.html]
[magnetbahn.org/wp-content/uploads/2021/08/SMT-VIDEO.mp4]
[magnetbahn.org/wp-content/uploads/elementor/css/post-4217901b7.css]
[magnetbahn.org/galerie/transrapid-shanghai-fertigungsschritte/index.html]
[magnetbahn.org/wp-json/wp/v2/pages/42179.json]
[magnetbahn.org/wp-json/oembed/1.0/embeda462.json]
[magnetbahn.org/wp-json/oembed/1.0/embed48f5]
[magnetbahn.org/wp-content/uploads/2021/08/SMT-FERTIGUNG.mp4]
[magnetbahn.org/transrapid-shanghai-fertigungsschritte/index.html]
[magnetbahn.org/mediathek/tr09-transport-zur-tve-video/index.html]
[magnetbahn.org/wp-content/uploads/elementor/css/post-421180162.css]
[magnetbahn.org/galerie/tr09-transport-zur-tve-video/index.html]
[magnetbahn.org/wp-json/wp/v2/pages/42118.json]
[magnetbahn.org/wp-json/oembed/1.0/embede7b6.json]
[magnetbahn.org/wp-json/oembed/1.0/embedfc30]
[magnetbahn.org/wp-content/uploads/2021/08/TVE-VID.mp4]
[magnetbahn.org/galerie/tve-transrapid-versuchsanlage-emsland-video/index.html]
[magnetbahn.org/mediathek/alles-ueber-den-tr09-produktion-video/index.html]
[magnetbahn.org/wp-content/uploads/elementor/css/post-4207272eb.css]
[magnetbahn.org/galerie/alles-ueber-den-tr09-produktion-video/index.html]
[magnetbahn.org/wp-json/wp/v2/pages/42072.json]
[magnetbahn.org/wp-json/oembed/1.0/embed45ed.json]
[magnetbahn.org/wp-json/oembed/1.0/embed26f6]
[magnetbahn.org/galerie/die-transrapid-story-video/index.html]
[magnetbahn.org/wp-content/uploads/2021/08/TR-STORY-V2.mp4]
[magnetbahn.org/wp-content/uploads/elementor/css/post-4213301b7.css]
[magnetbahn.org/wp-json/wp/v2/pages/42133.json]
[magnetbahn.org/wp-json/oembed/1.0/embed9910.json]
[magnetbahn.org/wp-json/oembed/1.0/embedb389]
[magnetbahn.org/wp-content/uploads/2021/08/TR-WORLDWIDE.mp4]
[magnetbahn.org/galerie/transrapid-worldwide-video/index.html]
[magnetbahn.org/wp-content/uploads/elementor/css/post-421353854.css]
[magnetbahn.org/wp-json/wp/v2/pages/42135.json]
[magnetbahn.org/wp-json/oembed/1.0/embed18eb.json]
[magnetbahn.org/wp-json/oembed/1.0/embedcdb4]
[magnetbahn.org/galerie/hochtechnologie-fuer-den-flug-in-hoehe-null-video/index.html]
[magnetbahn.org/wp-content/uploads/2021/08/HOCHTECHNOLOGIE.mp4]
[magnetbahn.org/wp-content/uploads/elementor/css/post-12127e9b.css]
[magnetbahn.org/index7caf.html]
[magnetbahn.org/wp-content/uploads/elementor/css/post-106055a6b3.css]
[magnetbahn.org/indexd775.html]
[magnetbahn.org/index87d0.html]
[magnetbahn.org/indexc3c6.html]
[magnetbahn.org/index070d.html]
[magnetbahn.org/wp-content/uploads/elementor/css/post-191959df.css]
[magnetbahn.org/index9567.html]
[magnetbahn.org/news/die-geheime-transrapidstrecke-in-china-die-die-tve-ersetzt.html]
[magnetbahn.org/wp-content/uploads/2021/01/IMG_4382.html]
[magnetbahn.org/index8e41.html]
[magnetbahn.org/tsb02/index.html]
[magnetbahn.org/wp-content/uploads/2021/04/IMG_8606.html]
[magnetbahn.org/wp-content/uploads/2021/04/Hybridtraeger-1BA-T267-Prototyp1_03.html]
[magnetbahn.org/index0ce5.html]
[magnetbahn.org/indexf97a.html]
[magnetbahn.org/wp-content/uploads/elementor/css/post-513853675.css]
[magnetbahn.org/indexa968.html]
[magnetbahn.org/verein.html]
[magnetbahn.org/transrapid-06/index.html]
[magnetbahn.org/transrapid-07/index.html]
[magnetbahn.org/transrapid-08/index.html]
[magnetbahn.org/indexf69c.html]
[magnetbahn.org/wp-content/uploads/elementor/css/post-2098d814.css]
[magnetbahn.org/index29c8.html]
[magnetbahn.org/indexe949.html]
[magnetbahn.org/wp-content/uploads/2020/07/7B6016A7-4D3B-4B22-8378-9647C78B6A0C-1024x800.jpg]
[magnetbahn.org/wp-content/uploads/elementor/css/post-15424145.css]
[magnetbahn.org/wp-json/wp/v2/pages/1542.json]
[magnetbahn.org/wp-json/oembed/1.0/embedde54.json]
[magnetbahn.org/wp-json/oembed/1.0/embed9e9d]
[magnetbahn.org/transportsystem-boegl/index.html]
[supertipp-online.de/wp-content/uploads/2021/03/Magentschwebebahn_Heiligenhaus_MK5_2939.html]
[magnetbahn.org/index3fbc.html]
[magnetbahn.org/wp-content/uploads/elementor/css/post-337a2c.css]
[magnetbahn.org/wp-json/wp/v2/pages/33.json]
[magnetbahn.org/wp-json/oembed/1.0/embedeccd.json]
[magnetbahn.org/wp-json/oembed/1.0/embedf8ea]
[magnetbahn.org/anbieterkennzeichnung/index.html]
[magnetbahn.org/index0db4.html]
[magnetbahn.org/indexdac3.html]
[magnetbahn.org/index2732.html]
[magnetbahn.org/index95bb.html]
[magnetbahn.org/indexf1be.html]
[magnetbahn.org/index85c3.html]
[magnetbahn.org/wp-content/uploads/elementor/css/post-343393675.css]
[magnetbahn.org/index2d23.html]
[magnetbahn.org/indexe735.html]
[magnetbahn.org/index39d5.html]
[magnetbahn.org/indexf3f6.html]
[magnetbahn.org/wp-content/uploads/elementor/css/post-89954a92.css]
[magnetbahn.org/indexd6a6.html]
[magnetbahn.org/wp-content/uploads/elementor/css/post-4303f188.css]
[magnetbahn.org/index0662.html]
[magnetbahn.org/indexa5fa.html]
[magnetbahn.org/transrapid/index.html]
[magnetbahn.org/faq.html]
[magnetbahn.org/indexb00c.html]
[magnetbahn.org/index1528.html]
[magnetbahn.org/wp-content/uploads/2021/01/IMG_3660-1024x699.jpg]
[magnetbahn.org/wp-json/wp/v2/pages/1544.json]
[magnetbahn.org/wp-json/oembed/1.0/embed2ab6.json]
[magnetbahn.org/wp-json/oembed/1.0/embed8ff4]
[magnetbahn.org/crrc-china/index.html]
[magnetbahn.org/wp-content/uploads/elementor/css/post-20172f9c.css]
[magnetbahn.org/indexc27c.html]
[magnetbahn.org/wp-content/uploads/elementor/css/post-85860d44c.css]
[magnetbahn.org/index61c2.html]
[magnetbahn.org/wp-content/uploads/elementor/css/post-1565e6b4.css]
[magnetbahn.org/indexcf6d.html]
[magnetbahn.org/index032e.html]
[magnetbahn.org/wp-content/uploads/elementor/css/post-1549ed88.css]
[magnetbahn.org/index6d24.html]
[magnetbahn.org/wp-content/uploads/elementor/css/post-1563e0a7.css]
[magnetbahn.org/index7329.html]
[magnetbahn.org/wp-content/uploads/2021/02/IMG_4527-scaled.html]
[magnetbahn.org/wp-content/uploads/elementor/css/post-1561ddd6.css]
[magnetbahn.org/index48a5.html]
[magnetbahn.org/wp-content/uploads/2021/02/46CFED4A-77AF-4424-A1E1-63F4A3A3EEE7-scaled.html]
[magnetbahn.org/wp-content/uploads/2021/01/Transrapid06-04_02.html]
[magnetbahn.org/wp-content/uploads/elementor/css/post-315072bb.css]
[magnetbahn.org/index536d.html]
[magnetbahn.org/indexb33b.html]
[magnetbahn.org/index7134.html]
[magnetbahn.org/indexb92b.html]
[magnetbahn.org/indexf6df.html]
[magnetbahn.org/indexb41e.html]
[magnetbahn.org/index48b7.html]
[magnetbahn.org/wp-content/uploads/elementor/css/post-550746e5.css]
[magnetbahn.org/index35b1.html]
[magnetbahn.org/indexe5e0.html]
[magnetbahn.org/index7fa3.html]
[magnetbahn.org/indexc8dc.html]
[magnetbahn.org/index42c4.html]
[magnetbahn.org/wp-content/uploads/elementor/css/post-1577f3f0.css]
[magnetbahn.org/index99a6.html]
[magnetbahn.org/index812a.html]
[magnetbahn.org/wp-content/uploads/elementor/css/post-61577cab7.css]
[magnetbahn.org/wp-json/wp/v2/pages/61577.json]
[magnetbahn.org/wp-json/oembed/1.0/embed194f.json]
[magnetbahn.org/wp-json/oembed/1.0/embed6f3d]
[magnetbahn.org/wp-content/uploads/2021/10/Mein-Projekt-2.mp4]
[magnetbahn.org/galerie/der-tr09-entsteht-video/index.html]
[magnetbahn.org/wp-content/uploads/elementor/css/post-4215101b7.css]
[magnetbahn.org/index83fb.html]
[magnetbahn.org/galerie/transrapid-shanghai-fertigungsschritte/index.html]
[magnetbahn.org/wp-content/uploads/elementor/css/post-4217901b7.css]
[magnetbahn.org/index2c4c.html]
[magnetbahn.org/wp-content/uploads/2021/08/SMT-FERTIGUNG.mp4]
[magnetbahn.org/wp-content/uploads/elementor/css/post-6160801b7.css]
[magnetbahn.org/wp-json/wp/v2/pages/61608.json]
[magnetbahn.org/wp-json/oembed/1.0/embedf625.json]
[magnetbahn.org/wp-json/oembed/1.0/embedcac7]
[magnetbahn.org/wp-content/uploads/2021/10/Mein-Projekt-2-1.mp4]
[magnetbahn.org/galerie/tr09-transport-zur-tve-video/index.html]
[magnetbahn.org/wp-content/uploads/elementor/css/post-421180162.css]
[magnetbahn.org/index3bb8.html]
[magnetbahn.org/wp-content/uploads/elementor/css/post-61607bb60.css]
[magnetbahn.org/wp-json/wp/v2/pages/61607.json]
[magnetbahn.org/wp-json/oembed/1.0/embedc28c.json]
[magnetbahn.org/wp-json/oembed/1.0/embeddbbd]
[magnetbahn.org/wp-content/uploads/2021/10/Mein-Projekt-3.mp4]
[magnetbahn.org/galerie/alles-ueber-den-tr09-produktion-video/index.html]
[magnetbahn.org/wp-content/uploads/elementor/css/post-4207272eb.css]
[magnetbahn.org/index5d31.html]
[magnetbahn.org/wp-content/uploads/2021/08/TR-STORY-V2.mp4]
[magnetbahn.org/wp-content/uploads/elementor/css/post-4213301b7.css]
[magnetbahn.org/index7582.html]
[magnetbahn.org/wp-content/uploads/2021/08/TR-WORLDWIDE.mp4]
[magnetbahn.org/wp-content/uploads/elementor/css/post-421353854.css]
[magnetbahn.org/index3922.html]
[magnetbahn.org/wp-content/uploads/elementor/css/post-15424145.css]
[magnetbahn.org/index8ddc.html]
[magnetbahn.org/wp-content/uploads/elementor/css/post-337a2c.css]
[magnetbahn.org/indexdd23.html]
[magnetbahn.org/index4377.html]
[magnetbahn.org/wp-content/uploads/elementor/css/post-61577cab7.css]
[magnetbahn.org/indexa449.html]
[magnetbahn.org/wp-content/uploads/elementor/css/post-6160801b7.css]
[magnetbahn.org/index1103.html]
[magnetbahn.org/wp-content/uploads/elementor/css/post-61607bb60.css]
[magnetbahn.org/indexd932.html]
[magnetbahn.org/wp-content/uploads/2021/08/TR-STORY-V2.mp4]
